<html>
<body>
<pre>
<h1>µVision Build Log</h1>
<h2>Tool Versions:</h2>
IDE-Version: ¦ÌVision V5.16a
Copyright (C) 2015 ARM Ltd and ARM Germany GmbH. All rights reserved.
License Information: Bass,  , LIC=14HV2-91PDW-PCLJ8-36AU1-I5FI8-WVTFD
 
Tool Versions:
Toolchain:       MDK-ARM Standard  Version: 5.16a
Toolchain Path:  D:\installation_path\keil_5\ARM\ARMCC\Bin
C Compiler:      Armcc.exe V5.06 (build 20)
Assembler:       Armasm.exe V5.06 (build 20)
Linker/Locator:  ArmLink.exe V5.06 (build 20)
Library Manager: ArmAr.exe V5.06 (build 20)
Hex Converter:   FromElf.exe V5.06 (build 20)
CPU DLL:         SARMCM3.DLL V5.16a
Dialog DLL:      DARMSTM.DLL V1.65.0.0
Target DLL:      STLink\ST-LINKIII-KEIL_SWO.dll V2.0.17.0
Dialog DLL:      TARMSTM.DLL V1.64.0.0
 
<h2>Project:</h2>
D:\03_MyProject\02_DAPLink\v0.0.1\02_Software\MDK4_ProgramDaplink\CMSIS-DAP V2.0\STM32\CMSIS_DAP.uvprojx
Project File Date:  06/13/2022

<h2>Output:</h2>
*** Using Compiler 'V5.06 (build 20)', folder: 'D:\installation_path\keil_5\ARM\ARMCC\Bin'
Rebuild target 'CMSIS-DAP'
assembling startup_stm32f10x_md.s...
compiling system_stm32f10x.c...
system_stm32f10x.c(102): warning:  #1215-D: #warning directive: "Use STM32F103Cx (72 MHz)"
  		#warning "Use STM32F103Cx (72 MHz)"
system_stm32f10x.c: 1 warning, 0 errors
compiling CMSIS-DAP.c...
compiling usb_config.c...
compiling UserApp.c...
compiling usbd_STM32F103.c...
compiling usbd_user_cdc_acm.c...
compiling usbd_user_hid.c...
compiling stm32f10x_gpio.c...
compiling stm32f10x_rcc.c...
compiling stm32f10x_usart.c...
compiling misc.c...
compiling stm32f10x_flash.c...
linking...
Program Size: Code=23812 RO-data=856 RW-data=288 ZI-data=11180  
FromELF: creating hex file...
".\CMSIS-DAP\CMSIS_DAP.axf" - 0 Error(s), 1 Warning(s).

<h2>Software Packages used:</h2>

Package Vendor: ARM
                http://www.keil.com/pack/ARM.CMSIS.4.3.0.pack
                ARM::CMSIS:CORE:4.1.0
                CMSIS (Cortex Microcontroller Software Interface Standard)
   * Component: CORE Version: 4.1.0

<h2>Collection of Component include folders:</h2>
  D:\03_MyProject\02_DAPLink\v0.0.1\02_Software\MDK4_ProgramDaplink\CMSIS-DAP V2.0\STM32\RTE
  D:\installation_path\keil_5\ARM\PACK\ARM\CMSIS\4.3.0\CMSIS\Include
  D:\installation_path\keil_5\ARM\PACK\Keil\STM32F1xx_DFP\1.1.0\Device\Include

<h2>Collection of Component Files used:</h2>

   * Component: ARM::CMSIS:CORE:4.1.0
Build Time Elapsed:  00:00:09
</pre>
</body>
</html>
